[     182ms] [INFO] %cDownload the React DevTools for a better development experience: https://react.dev/link/react-devtools font-weight:bold @ http://localhost:3006/_next/static/chunks/11dbf_next_dist_4574b316._.js:2297
[     228ms] [LOG] [HMR] connected @ http://localhost:3006/_next/static/chunks/11dbf_next_dist_4574b316._.js:2297
[     270ms] [ERROR] A tree hydrated but some attributes of the server rendered HTML didn't match the client properties. This won't be patched up. This can happen if a SSR-ed Client Component used:

- A server/client branch `if (typeof window !== 'undefined')`.
- Variable input such as `Date.now()` or `Math.random()` which changes each time it's called.
- Date formatting in a user's locale which doesn't match the server.
- External changing data without sending a snapshot of it along with the HTML.
- Invalid HTML tag nesting.

It can also happen if the client has a browser extension installed which messes with the HTML before React loaded.

%s%s https://react.dev/link/hydration-mismatch 

  ...
    <HotReload globalError={[...]} webSocket={WebSocket} staticIndicatorState={{pathname:null, ...}}>
      <AppDevOverlayErrorBoundary globalError={[...]}>
        <ReplaySsrOnlyErrors>
        <DevRootHTTPAccessFallbackBoundary>
          <HTTPAccessFallbackBoundary notFound={<NotAllowedRootHTTPFallbackError>}>
            <HTTPAccessFallbackErrorBoundary pathname="/login" notFound={<NotAllowedRootHTTPFallbackError>} ...>
              <RedirectBoundary>
                <RedirectErrorBoundary router={{...}}>
                  <Head>
                  <__next_root_layout_boundary__>
                    <SegmentViewNode type="layout" pagePath="/apps/port...">
                      <SegmentTrieNode>
                      <link>
                      <script>
                      <script>
                      <script>
                      <script>
                      <RootLayout>
                        <html
                          lang="en"
-                         className="light"
-                         style={{color-scheme:"light"}}
                        >
                  ...
 @ http://localhost:3006/_next/static/chunks/11dbf_next_dist_4574b316._.js:3127
[   12213ms] [INFO] %cDownload the React DevTools for a better development experience: https://react.dev/link/react-devtools font-weight:bold @ http://localhost:3006/_next/static/chunks/11dbf_next_dist_4574b316._.js:2297
[   12223ms] [LOG] [HMR] connected @ http://localhost:3006/_next/static/chunks/11dbf_next_dist_4574b316._.js:2297
[   12364ms] [ERROR] A tree hydrated but some attributes of the server rendered HTML didn't match the client properties. This won't be patched up. This can happen if a SSR-ed Client Component used:

- A server/client branch `if (typeof window !== 'undefined')`.
- Variable input such as `Date.now()` or `Math.random()` which changes each time it's called.
- Date formatting in a user's locale which doesn't match the server.
- External changing data without sending a snapshot of it along with the HTML.
- Invalid HTML tag nesting.

It can also happen if the client has a browser extension installed which messes with the HTML before React loaded.

%s%s https://react.dev/link/hydration-mismatch 

  ...
    <HotReload globalError={[...]} webSocket={WebSocket} staticIndicatorState={{pathname:null, ...}}>
      <AppDevOverlayErrorBoundary globalError={[...]}>
        <ReplaySsrOnlyErrors>
        <DevRootHTTPAccessFallbackBoundary>
          <HTTPAccessFallbackBoundary notFound={<NotAllowedRootHTTPFallbackError>}>
            <HTTPAccessFallbackErrorBoundary pathname="/" notFound={<NotAllowedRootHTTPFallbackError>} ...>
              <RedirectBoundary>
                <RedirectErrorBoundary router={{...}}>
                  <Head>
                  <__next_root_layout_boundary__>
                    <SegmentViewNode type="layout" pagePath="/apps/port...">
                      <SegmentTrieNode>
                      <link>
                      <script>
                      <script>
                      <script>
                      <script>
                      <RootLayout>
                        <html
                          lang="en"
-                         className="light"
-                         style={{color-scheme:"light"}}
                        >
                  ...
 @ http://localhost:3006/_next/static/chunks/11dbf_next_dist_4574b316._.js:3127
[   12477ms] [ERROR] In HTML, %s cannot be a descendant of <%s>.
This will cause a hydration error.%s <button> button 

  ...
    <div data-slot="sidebar-co..." data-sidebar="content" className="flex min-h...">
      <NavPages>
      <NavPages>
      <SidebarGroup className="group-data...">
        <div data-slot="sidebar-group" data-sidebar="group" className="relative f...">
          <SidebarGroupLabel>
          <SidebarMenu>
            <ul data-slot="sidebar-menu" data-sidebar="menu" className="flex w-ful...">
              <SidebarMenuItem>
                <li data-slot="sidebar-me..." data-sidebar="menu-item" className="group/menu...">
                  <RequestDialog>
                    <Dialog open={false} onOpenChange={function bound dispatchSetState}>
                      <DialogRoot data-slot="dialog" open={false} onOpenChange={function bound dispatchSetState}>
                        <DialogTrigger>
                          <DialogTrigger data-slot="dialog-tri...">
>                           <button
>                             type="button"
>                             onClick={function}
>                             onMouseDown={function}
>                             onKeyDown={function}
>                             onKeyUp={function}
>                             onPointerDown={function}
>                             tabIndex={0}
>                             disabled={false}
>                             data-base-ui-click-trigger=""
>                             id="base-ui-_R_1mqj9er9lb_"
>                             aria-haspopup="dialog"
>                             aria-expanded={false}
>                             aria-controls={undefined}
>                             data-slot="dialog-trigger"
>                             ref={function}
>                           >
                              <SidebarMenuButton className={"h-auto g..."}>
>                               <button
>                                 type="button"
>                                 data-slot="sidebar-menu-button"
>                                 data-sidebar="menu-button"
>                                 data-size="default"
>                                 data-active={false}
>                                 className={"peer/menu-button flex w-full items-center overflow-hidden p-2 text-left..."}
>                                 ref={null}
>                               >
                        ...
 @ http://localhost:3006/_next/static/chunks/11dbf_next_dist_4574b316._.js:3127
[   12477ms] [ERROR] <%s> cannot contain a nested %s.
See this log for the ancestor stack trace. button <button> @ http://localhost:3006/_next/static/chunks/11dbf_next_dist_4574b316._.js:3127
[   12498ms] Error: Hydration failed because the server rendered HTML didn't match the client. As a result this tree will be regenerated on the client. This can happen if a SSR-ed Client Component used:

- A server/client branch `if (typeof window !== 'undefined')`.
- Variable input such as `Date.now()` or `Math.random()` which changes each time it's called.
- Date formatting in a user's locale which doesn't match the server.
- External changing data without sending a snapshot of it along with the HTML.
- Invalid HTML tag nesting.

It can also happen if the client has a browser extension installed which messes with the HTML before React loaded.

https://react.dev/link/hydration-mismatch
    at throwOnHydrationMismatch (http://localhost:3006/_next/static/chunks/11dbf_next_dist_compiled_react-dom_a0c42ce2._.js:3348:56)
    at beginWork (http://localhost:3006/_next/static/chunks/11dbf_next_dist_compiled_react-dom_a0c42ce2._.js:6775:918)
    at runWithFiberInDEV (http://localhost:3006/_next/static/chunks/11dbf_next_dist_compiled_react-dom_a0c42ce2._.js:965:74)
    at performUnitOfWork (http://localhost:3006/_next/static/chunks/11dbf_next_dist_compiled_react-dom_a0c42ce2._.js:9562:97)
    at workLoopConcurrentByScheduler (http://localhost:3006/_next/static/chunks/11dbf_next_dist_compiled_react-dom_a0c42ce2._.js:9558:58)
    at renderRootConcurrent (http://localhost:3006/_next/static/chunks/11dbf_next_dist_compiled_react-dom_a0c42ce2._.js:9541:71)
    at performWorkOnRoot (http://localhost:3006/_next/static/chunks/11dbf_next_dist_compiled_react-dom_a0c42ce2._.js:9068:150)
    at performWorkOnRootViaSchedulerTask (http://localhost:3006/_next/static/chunks/11dbf_next_dist_compiled_react-dom_a0c42ce2._.js:10230:9)
    at MessagePort.performWorkUntilDeadline (http://localhost:3006/_next/static/chunks/11dbf_next_dist_compiled_00168da8._.js:2647:64)
[   12528ms] [ERROR] Failed to load resource: the server responded with a status of 401 (Unauthorized) @ http://localhost:3000/api/trpc/users.getCurrent,users.checkRefresh?batch=1&input=%7B%7D:0
[   31606ms] [LOG] [Fast Refresh] rebuilding @ http://localhost:3006/_next/static/chunks/11dbf_next_dist_4574b316._.js:2297
[   32287ms] [LOG] [Fast Refresh] done in 782ms @ http://localhost:3006/_next/static/chunks/11dbf_next_dist_4574b316._.js:2297
[   32390ms] [LOG] [Fast Refresh] rebuilding @ http://localhost:3006/_next/static/chunks/11dbf_next_dist_4574b316._.js:2297
[   32415ms] [LOG] [Fast Refresh] done in 126ms @ http://localhost:3006/_next/static/chunks/11dbf_next_dist_4574b316._.js:2297
[   36093ms] [ERROR] Failed to load resource: the server responded with a status of 401 (Unauthorized) @ http://localhost:3000/api/trpc/users.getCurrent?batch=1&input=%7B%7D:0
[   36116ms] [ERROR] Failed to load resource: the server responded with a status of 401 (Unauthorized) @ http://localhost:3000/api/trpc/users.checkRefresh?batch=1&input=%7B%7D:0
[   70842ms] [LOG] [Fast Refresh] rebuilding @ http://localhost:3006/_next/static/chunks/11dbf_next_dist_4574b316._.js:2297
[   71493ms] [LOG] [Fast Refresh] done in 752ms @ http://localhost:3006/_next/static/chunks/11dbf_next_dist_4574b316._.js:2297
[   71595ms] [LOG] [Fast Refresh] rebuilding @ http://localhost:3006/_next/static/chunks/11dbf_next_dist_4574b316._.js:2297
[   71621ms] [LOG] [Fast Refresh] done in 127ms @ http://localhost:3006/_next/static/chunks/11dbf_next_dist_4574b316._.js:2297
